// Jest Snapshot v1, https://goo.gl/fbAQLP

exports[`Button Component matches snapshot 1`] = `
<View>
  <View
    accessibilityState={
      {
        "busy": undefined,
        "checked": undefined,
        "disabled": undefined,
        "expanded": undefined,
        "selected": undefined,
      }
    }
    accessibilityValue={
      {
        "max": undefined,
        "min": undefined,
        "now": undefined,
        "text": undefined,
      }
    }
    accessible={true}
    collapsable={false}
    focusable={true}
    onClick={[Function]}
    onResponderGrant={[Function]}
    onResponderMove={[Function]}
    onResponderRelease={[Function]}
    onResponderTerminate={[Function]}
    onResponderTerminationRequest={[Function]}
    onStartShouldSetResponder={[Function]}
    style={
      {
        "opacity": 1,
      }
    }
    testID="back-button"
  >
    <RNSVGSvgView
      align="xMidYMid"
      bbHeight={24}
      bbWidth={24}
      color="white"
      data-slot="icon"
      fill="currentColor"
      focusable={false}
      height={24}
      meetOrSlice={0}
      minX={0}
      minY={0}
      style={
        [
          {
            "backgroundColor": "transparent",
            "borderWidth": 0,
          },
          {
            "flex": 0,
            "height": 24,
            "width": 24,
          },
        ]
      }
      vbHeight={24}
      vbWidth={24}
      width={24}
    >
      <RNSVGGroup
        fill={
          {
            "type": 2,
          }
        }
        propList={
          [
            "fill",
          ]
        }
      >
        <RNSVGPath
          clipRule={0}
          d="M7.72 12.53a.75.75 0 0 1 0-1.06l7.5-7.5a.75.75 0 1 1 1.06 1.06L9.31 12l6.97 6.97a.75.75 0 1 1-1.06 1.06l-7.5-7.5Z"
          fill={
            {
              "payload": 4278190080,
              "type": 0,
            }
          }
          fillRule={0}
          propList={
            [
              "fillRule",
            ]
          }
        />
      </RNSVGGroup>
    </RNSVGSvgView>
  </View>
  <Text
    style={
      {
        "color": "#fff",
        "fontFamily": "Poppins-SemiBold",
        "fontSize": 22,
        "marginLeft": 8,
        "marginTop": 20,
      }
    }
  >
    Login Header
  </Text>
</View>
`;

exports[`Heading Component matches snapshot 1`] = `
<View>
  <View
    accessibilityState={
      {
        "busy": undefined,
        "checked": undefined,
        "disabled": undefined,
        "expanded": undefined,
        "selected": undefined,
      }
    }
    accessibilityValue={
      {
        "max": undefined,
        "min": undefined,
        "now": undefined,
        "text": undefined,
      }
    }
    accessible={true}
    collapsable={false}
    focusable={true}
    onClick={[Function]}
    onResponderGrant={[Function]}
    onResponderMove={[Function]}
    onResponderRelease={[Function]}
    onResponderTerminate={[Function]}
    onResponderTerminationRequest={[Function]}
    onStartShouldSetResponder={[Function]}
    style={
      {
        "opacity": 1,
      }
    }
    testID="back-button"
  >
    <RNSVGSvgView
      align="xMidYMid"
      bbHeight={24}
      bbWidth={24}
      color="white"
      data-slot="icon"
      fill="currentColor"
      focusable={false}
      height={24}
      meetOrSlice={0}
      minX={0}
      minY={0}
      style={
        [
          {
            "backgroundColor": "transparent",
            "borderWidth": 0,
          },
          {
            "flex": 0,
            "height": 24,
            "width": 24,
          },
        ]
      }
      vbHeight={24}
      vbWidth={24}
      width={24}
    >
      <RNSVGGroup
        fill={
          {
            "type": 2,
          }
        }
        propList={
          [
            "fill",
          ]
        }
      >
        <RNSVGPath
          clipRule={0}
          d="M7.72 12.53a.75.75 0 0 1 0-1.06l7.5-7.5a.75.75 0 1 1 1.06 1.06L9.31 12l6.97 6.97a.75.75 0 1 1-1.06 1.06l-7.5-7.5Z"
          fill={
            {
              "payload": 4278190080,
              "type": 0,
            }
          }
          fillRule={0}
          propList={
            [
              "fillRule",
            ]
          }
        />
      </RNSVGGroup>
    </RNSVGSvgView>
  </View>
  <Text
    style={
      {
        "color": "#fff",
        "fontFamily": "Poppins-SemiBold",
        "fontSize": 22,
        "marginLeft": 8,
        "marginTop": 20,
      }
    }
  >
    Login Header
  </Text>
</View>
`;
